Flutter crash report.
Please report a bug at https://github.com/flutter/flutter/issues.

## command

flutter build ios

## exception

FileSystemException: FileSystemException: Deletion failed, path = '/Users/macbookpro/Downloads/alqadiya-flutter-app/build/ios/Release-iphoneos' (OS Error: Directory not empty, errno = 66)

```
#0      _Directory._deleteSync (dart:io/directory_impl.dart:216:7)
#1      FileSystemEntity.deleteSync (dart:io/file_system_entity.dart:425:7)
#2      ForwardingFileSystemEntity.deleteSync (package:file/src/forwarding/forwarding_file_system_entity.dart:70:16)
#3      ErrorHandlingDirectory.deleteSync.<anonymous closure> (package:flutter_tools/src/base/error_handling_io.dart:451:22)
#4      _runSync (package:flutter_tools/src/base/error_handling_io.dart:552:14)
#5      ErrorHandlingDirectory.deleteSync (package:flutter_tools/src/base/error_handling_io.dart:450:12)
#6      buildXcodeProject (package:flutter_tools/src/ios/mac.dart:317:20)
<asynchronous suspension>
#7      _BuildIOSSubCommand.runCommand (package:flutter_tools/src/commands/build_ios.dart:986:37)
<asynchronous suspension>
#8      FlutterCommand.run.<anonymous closure> (package:flutter_tools/src/runner/flutter_command.dart:1630:27)
<asynchronous suspension>
#9      AppContext.run.<anonymous closure> (package:flutter_tools/src/base/context.dart:154:19)
<asynchronous suspension>
#10     CommandRunner.runCommand (package:args/command_runner.dart:212:13)
<asynchronous suspension>
#11     FlutterCommandRunner.runCommand.<anonymous closure> (package:flutter_tools/src/runner/flutter_command_runner.dart:496:9)
<asynchronous suspension>
#12     AppContext.run.<anonymous closure> (package:flutter_tools/src/base/context.dart:154:19)
<asynchronous suspension>
#13     FlutterCommandRunner.runCommand (package:flutter_tools/src/runner/flutter_command_runner.dart:431:5)
<asynchronous suspension>
#14     FlutterCommandRunner.run.<anonymous closure> (package:flutter_tools/src/runner/flutter_command_runner.dart:307:33)
<asynchronous suspension>
#15     run.<anonymous closure>.<anonymous closure> (package:flutter_tools/runner.dart:104:11)
<asynchronous suspension>
#16     AppContext.run.<anonymous closure> (package:flutter_tools/src/base/context.dart:154:19)
<asynchronous suspension>
#17     main (package:flutter_tools/executable.dart:103:3)
<asynchronous suspension>
```

## flutter doctor

```
[32m[✓][39m Flutter (Channel stable, 3.44.1, on macOS 26.5.2 25F84 darwin-x64, locale en-US) [686ms]
    [32m•[39m Flutter version 3.44.1 on channel stable at /Users/macbookpro/development/flutter
    [32m•[39m Upstream repository https://github.com/flutter/flutter.git
    [32m•[39m Framework revision 924134a44c (10 weeks ago), 2026-05-29 12:13:22 -0400
    [32m•[39m Engine revision c416acfeb8
    [32m•[39m Dart version 3.12.1
    [32m•[39m DevTools version 2.57.0
    [32m•[39m Feature flags: enable-web, enable-linux-desktop, enable-macos-desktop, enable-windows-desktop, enable-android, enable-ios, cli-animations,
      enable-native-assets, no-enable-swift-package-manager, omit-legacy-version-file, enable-lldb-debugging, enable-uiscene-migration

[32m[✓][39m Android toolchain - develop for Android devices (Android SDK version 36.0.0) [5.6s]
    [32m•[39m Android SDK at /Users/macbookpro/Library/Android/sdk
    [32m•[39m Emulator version 35.3.11.0 (build_id 12836668) (CL:N/A)
    [32m•[39m Platform android-36, build-tools 36.0.0
    [32m•[39m ANDROID_HOME = /Users/macbookpro/Library/Android/sdk
    [32m•[39m Java binary at: /Applications/Android Studio.app/Contents/jbr/Contents/Home/bin/java
      This is the JDK bundled with the latest Android Studio installation on this machine.
      To manually set the JDK path, use: `flutter config --jdk-dir="path/to/jdk"`.
    [32m•[39m Java version OpenJDK Runtime Environment (build 21.0.4+-12422083-b607.1)
    [32m•[39m All Android licenses accepted.

[32m[✓][39m Xcode - develop for iOS and macOS (Xcode 26.5) [3.0s]
    [32m•[39m Xcode at /Applications/Xcode.app/Contents/Developer
    [32m•[39m Build 17F42
    [32m•[39m CocoaPods version 1.16.2

[32m[✓][39m Chrome - develop for the web [23ms]
    [32m•[39m Chrome at /Applications/Google Chrome.app/Contents/MacOS/Google Chrome

[32m[✓][39m Connected device (3 available) [7.9s]
    [32m•[39m iPhone 8 Plus (mobile) • 51e685e2d9457848570ce3da6dfe69d3e503cfb3 • ios            • iOS 16.7.15 20H380
    [32m•[39m macOS (desktop)        • macos                                    • darwin-x64     • macOS 26.5.2 25F84 darwin-x64
    [32m•[39m Chrome (web)           • chrome                                   • web-javascript • Google Chrome 150.0.7871.188
    [33m![39m Error: Browsing on the local area network for Irtaza❤️. Ensure the device is unlocked and attached with a cable or associated with the same local area
      network as this Mac.
      The device must be opted into Developer Mode to connect wirelessly. (code -27)

[32m[✓][39m Network resources [743ms]
    [32m•[39m All expected network resources are available.

[32m•[39m No issues found!
```
